{
  "initial_calls": 1,
  "stream": [
    {
      "reasoning_delta_count": 38,
      "content_delta_count": 22,
      "first_content_s": 0.648576,
      "last_content_s": 0.893211,
      "content": "The reported size of `panel/package.json` is 5.2 KB.\nQ35-FINAL-SOURCE-DONE"
    },
    {
      "reasoning_delta_count": 38,
      "content_delta_count": 22,
      "first_content_s": 0.654101,
      "last_content_s": 0.898442,
      "content": "The reported size of `panel/package.json` is 5.2 KB.\nQ35-FINAL-SOURCE-DONE"
    },
    {
      "reasoning_delta_count": 38,
      "content_delta_count": 22,
      "first_content_s": 0.678874,
      "last_content_s": 0.923858,
      "content": "The reported size of `panel/package.json` is 5.2 KB.\nQ35-FINAL-SOURCE-DONE"
    }
  ],
  "nonstream": [
    "The reported size of `panel/package.json` is 5.2 KB.\nQ35-FINAL-SOURCE-DONE",
    "The reported size of `panel/package.json` is 5.2 KB.\nQ35-FINAL-SOURCE-DONE",
    "The reported size of `panel/package.json` is 5.2 KB.\nQ35-FINAL-SOURCE-DONE"
  ]
}
