[STARTUP] Using vMLX userData override: /Users/eric/.vmlx-v1611-release-sequoia-smoke

DevTools listening on ws://127.0.0.1:9441/devtools/browser/5bd828d4-9cbe-4255-8cd8-5896c2e52696
[STARTUP] Using vMLX userData override: /Users/eric/.vmlx-v1611-release-sequoia-smoke

DevTools listening on ws://127.0.0.1:9441/devtools/browser/47a59cd7-7cc6-4001-86af-695d019676f5
[Engine Manager] Engine version check: installed=1.6.11, source=1.6.11, needsUpdate=false
[STARTUP] Restoring 0 App Sandbox bookmarks
[STARTUP] No existing vmlx-engine processes found
[MemoryEnforcer] Started (max 120 GB, poll 5000ms, TTL 30m)
[gateway] Port 8081 in use, trying 8082
[gateway] Listening on 127.0.0.1:8082
[Engine Manager] Checking installation...
[Engine Manager] Found bundled Python with vmlx_engine 1.6.11 (from dist-info)
[UPDATE] Fetched manifest from https://mlx.studio/update/latest.json: v1.6.10
[UPDATE] Fetched manifest from https://raw.githubusercontent.com/jjang-ai/mlxstudio/main/latest.json: v1.6.10
[UPDATE] Picked highest version across sources: v1.6.10
[UPDATE] Selected native macOS download: https://github.com/jjang-ai/mlxstudio/releases/download/v1.6.10/vMLX-1.6.10-tahoe-arm64.dmg
[UPDATE] Up to date (1.6.11)
[SESSION] Model estimate: ~7.1 GB | RAM: 118.0 GB free / 137 GB total (14% used)
[SESSION] Model family: gemma4 | tool: gemma4 (user=gemma4, detected=gemma4) | reasoning: gemma4 (user=gemma4, detected=gemma4) | autoTool: true | VLM: true
[SESSION] Ignoring stale JIT flag because multimodal/VLM models use the mlx-vlm streaming path, which is not mx.compile safe
[POWER] System sleep blocked (id=0)
[POWER] System sleep unblocked (id=0)
[MemoryEnforcer] Stopped
[gateway] Stopped
[QUIT] All vmlx-engine processes stopped
[QUIT] Database closed
