security: SecKeychainCopySettings /Users/eric/Library/Keychains/build.keychain-db: User interaction is not allowed.
security: SecKeychainCopySettings /Users/eric/Library/Keychains/login.keychain-db: User interaction is not allowed.
  1) 95805804C2CD114CA8C2B209C5DF674D935EB8DE "Apple Development: eric@shieldstack.dev (MVGC63UHUV)"
  2) 95805804C2CD114CA8C2B209C5DF674D935EB8DE "Apple Development: eric@shieldstack.dev (MVGC63UHUV)"
  3) D4DBBCB52F666D03F0A5154BFFEA2227BEE8FC7C "Developer ID Application: ShieldStack LLC (55KGF2S5AY)"
  4) D4DBBCB52F666D03F0A5154BFFEA2227BEE8FC7C "Developer ID Application: ShieldStack LLC (55KGF2S5AY)"
  5) 95805804C2CD114CA8C2B209C5DF674D935EB8DE "Apple Development: eric@shieldstack.dev (MVGC63UHUV)"
  6) 95805804C2CD114CA8C2B209C5DF674D935EB8DE "Apple Development: eric@shieldstack.dev (MVGC63UHUV)"
  7) D4DBBCB52F666D03F0A5154BFFEA2227BEE8FC7C "Developer ID Application: ShieldStack LLC (55KGF2S5AY)"
  8) D4DBBCB52F666D03F0A5154BFFEA2227BEE8FC7C "Developer ID Application: ShieldStack LLC (55KGF2S5AY)"
     8 valid identities found
/tmp/vmlx-codesign-probe-release-doc.so: replacing existing signature
/tmp/vmlx-codesign-probe-release-doc.so: errSecInternalComponent
Executable=/private/tmp/vmlx-codesign-probe-release-doc.so
Identifier=_arpacklib.cpython-312-darwin
Format=Mach-O thin (arm64)
CodeDirectory v=20400 size=534 flags=0x2(adhoc) hashes=11+2 location=embedded
Signature=adhoc
Info.plist=not bound
TeamIdentifier=not set
Sealed Resources=none
Internal requirements count=0 size=12
/tmp/vmlx-codesign-probe-release-doc-bin: replacing existing signature
/tmp/vmlx-codesign-probe-release-doc-bin: errSecInternalComponent
Executable=/private/tmp/vmlx-codesign-probe-release-doc-bin
Identifier=Electron
Format=Mach-O thin (arm64)
CodeDirectory v=20400 size=513 flags=0x20002(adhoc,linker-signed) hashes=13+0 location=embedded
Signature=adhoc
Info.plist=not bound
TeamIdentifier=not set
Sealed Resources=none
Internal requirements=none
