HEAD b286d2671df4d4800e333d58cdacfb96f77f3206
DATE 2026-07-22T07:49:24Z
KEYCHAIN_INFO
security: SecKeychainCopySettings /Users/eric/Library/Keychains/build.keychain-db: User interaction is not allowed.
security: SecKeychainCopySettings /Users/eric/Library/Keychains/login.keychain-db: User interaction is not allowed.
IDENTITIES
  3) D4DBBCB52F666D03F0A5154BFFEA2227BEE8FC7C "Developer ID Application: ShieldStack LLC (55KGF2S5AY)"
  4) D4DBBCB52F666D03F0A5154BFFEA2227BEE8FC7C "Developer ID Application: ShieldStack LLC (55KGF2S5AY)"
  7) D4DBBCB52F666D03F0A5154BFFEA2227BEE8FC7C "Developer ID Application: ShieldStack LLC (55KGF2S5AY)"
  8) D4DBBCB52F666D03F0A5154BFFEA2227BEE8FC7C "Developer ID Application: ShieldStack LLC (55KGF2S5AY)"
SIGN_PROBE
/tmp/vmlx-current-codesign-probe-67546: replacing existing signature
/tmp/vmlx-current-codesign-probe-67546: errSecInternalComponent
Executable=/private/tmp/vmlx-current-codesign-probe-67546
Identifier=Electron
Format=Mach-O thin (arm64)
CodeDirectory v=20400 size=513 flags=0x20002(adhoc,linker-signed) hashes=13+0 location=embedded
Signature=adhoc
Info.plist=not bound
TeamIdentifier=not set
Sealed Resources=none
Internal requirements=none
