vite v5.4.21 building SSR bundle for production...
transforming...
✓ 91 modules transformed.
rendering chunks...
dist/main/index.mjs  1,024.73 kB
✓ built in 361ms
vite v5.4.21 building SSR bundle for production...
transforming...
✓ 1 modules transformed.
rendering chunks...
dist/preload/index.js  23.34 kB
✓ built in 13ms
vite v5.4.21 building for production...
transforming...
✓ 2030 modules transformed.
rendering chunks...
../../out/renderer/index.html                     0.68 kB
../../out/renderer/assets/index-DtEDjMOB.css     92.87 kB
../../out/renderer/assets/index-DB9_MNmL.js   3,169.15 kB
✓ built in 1.30s
