 34.3630s content '1'
 34.4256s content '.'
 34.4257s content ' panel'
 34.4890s content '/'
 34.4891s content 'package'
 34.5531s content '.json'
 34.5533s content '\n'
 34.6169s content '2'
 34.6171s content '.'
 34.6810s content ' file'
 34.7440s content '\n'
 34.8078s content '3'
 34.8079s content '.'
 34.8720s content ' '
 34.9362s content '5'
 34.9364s content '.'
 34.9997s content '2'
 34.9998s content ' KB'
 35.0636s content '\n'
 35.0637s content '4'
 35.1266s content '.'
 35.1267s content ' '
 35.1905s content '202'
 35.1906s content '6'
 35.2540s content '-'
 35.3180s content '07'
 35.3822s content '-'
 35.3823s content '15'
 35.4453s content 'T'
 35.5091s content '14'
 35.5092s content ':'
 35.5729s content '28'
 35.6368s content ':'
 35.7005s content '24'
 35.7638s content '.'
 35.8283s content '904'
 35.8925s content 'Z'
 35.9567s content '\n'
 36.0208s content '5'
 36.0209s content '.'
 36.0844s content ' '
 36.1476s content '064'
 36.2117s content '4'
 36.2119s content '\n'
 36.2757s content '6'
 36.2758s content '.'
 36.3391s content ' '
 36.4030s content '6'
 36.4668s content '.'
 36.5307s content ' H'
 36.5944s content 'Y'
 36.6585s content '3'
 36.6587s content '-'
 36.7222s content 'RAW'
 36.7860s content '-'
 36.8496s content 'TO'
 36.9142s content 'OL'
 36.9143s content '2'
 36.9778s content '-D'
 37.0399s content 'ONE'
 37.1036s terminal response.completed
{
  "content": "1. panel/package.json\n2. file\n3. 5.2 KB\n4. 2026-07-15T14:28:24.904Z\n5. 0644\n6. 6. HY3-RAW-TOOL2-DONE",
  "content_delta_count": 60,
  "reasoning": "The user wants me to call file_info exactly once for panel/package.json, then reply in exactly six short numbered lines: path, type, size, modified time, permissions, then exactly 6. HY3-RAW-TOOW2-DONE.\n\nWait, the instruction says: \"After its result, reply in exactly six short numbered lines: path, type, size, modified time, permissions, then exactly 6. HY3-RAW-TOOL2-DONE.\"\n\nSo the six lines should be:\n1. path\n2. type\n3. size\n4. modified time\n5. permissions\n6. 6. HY3-RAW-TOOL2-DONE\n\nBut the format says \"path, type, size, modified time, permissions\" as the content of lines 1-5, then line 6 is the marker.\n\nLet me interpret: line 1 shows path, line 2 shows type, line 3 shows size, line 4 shows modified time, line 5 shows permissions, line 6 is exactly \"6. HY3-RAW-TOOL2-DONE\".\n\nThe result from file_info:\nPath: panel/package.json\nType: file\nSize: 5.2 KB\nModified: 2026-07-15T14:28:24.904Z\nPermissions: 0644\n\nSo lines:\n1. panel/package.json\n2. file\n3. 5.2 KB\n4. 2026-07-15T14:28:24.904Z\n5. 0644\n6. 6. HY3-RAW-TOOL2-DONE\n\nWait, the instruction says \"reply in exactly six short numbered lines: path, type, size, modified time, permissions, then exactly 6. HY3-RAW-TOOL2-DONE.\" This means line 1 is \"path\" (the value), line 2 is \"type\" (the value), etc. But should they be numbered like \"1. panel/package.json\"? The previous turn used \"1. ...\" format. The instruction says \"six short numbered lines\". So I should number them 1 through 5 with the values, and line 6 with the marker.\n\nLet me format:\n1. panel/package.json\n2. file\n3. 5.2 KB\n4. 2026-07-15T14:28:24.904Z\n5. 0644\n6. HY3-RAW-TOOL2-DONE\n\nWait, line 6 must be exactly \"6. HY3-RAW-TOOL2-DONE\". The instruction: \"then exactly 6. HY3-RAW-TOOL2-DONE.\" So line 6 is \"6. HY3-RAW-TOOL2-DONE\".\n\nFor lines 1-5, they are numbered lines containing path, type, size, modified time, permissions. I'll write:\n1. panel/package.json\n2. file\n3. 5.2 KB\n4. 2026-07-15T14:28:24.904Z\n5. 0644\n6. 6. HY3-RAW-TOOL2-DONE\n\nThat matches exactly six short numbered lines.",
  "reasoning_delta_count": 704,
  "terminal": [
    "response.completed"
  ],
  "total_s": 37.10378137501539
}
