  7.0964s content '1'
  7.1455s content '.'
  7.1457s content ' panel'
  7.1941s content '/'
  7.2439s content 'package'
  7.2935s content '.json'
  7.2936s content '\n'
  7.3426s content '2'
  7.3428s content '.'
  7.3918s content ' file'
  7.4408s content '\n'
  7.4902s content '3'
  7.4904s content '.'
  7.5397s content ' '
  7.5888s content '5'
  7.5890s content '.'
  7.6381s content '2'
  7.6382s content ' KB'
  7.6872s content '\n'
  7.6873s content '4'
  7.7499s content '.'
  7.7501s content ' '
  7.7995s content '202'
  7.7996s content '6'
  7.8488s content '-'
  7.8980s content '07'
  7.9474s content '-'
  7.9966s content '15'
  7.9967s content 'T'
  8.0462s content '14'
  8.0463s content ':'
  8.0955s content '28'
  8.1450s content ':'
  8.1939s content '24'
  8.1941s content '.'
  8.2435s content '904'
  8.2437s content 'Z'
  8.2925s content '\n'
  8.3415s content '5'
  8.3417s content '.'
  8.3909s content ' '
  8.4402s content '064'
  8.4403s content '4'
  8.4897s content '\n'
  8.5389s content '6'
  8.5883s content '.'
  8.5885s content ' H'
  8.6382s content 'Y'
  8.6383s content '3'
  8.6878s content '-'
  8.6879s content 'RAW'
  8.7365s content '-'
  8.7855s content 'TO'
  8.8346s content 'OL'
  8.8347s content '2'
  8.8836s content '-D'
  8.9326s content 'ONE'
  9.0500s terminal response.completed
{
  "content": "1. panel/package.json\n2. file\n3. 5.2 KB\n4. 2026-07-15T14:28:24.904Z\n5. 0644\n6. HY3-RAW-TOOL2-DONE",
  "content_delta_count": 57,
  "reasoning": "The user wants me to call file_info exactly once for panel/package.json, then reply in exactly six short numbered lines: path, type, size, modified time, permissions, then exactly 6. HY3-RAW-TOOL2-DONE.\n\nI already called file_info and got the result:\n- Path: panel/package.json\n- Type: file\n- Size: 5.2 KB\n- Modified: 2026-07-15T14:28:24.904Z\n- Permissions: 0644\n\nNow I need to output exactly six short numbered lines:\n1. path\n2. type\n3. size\n4. modified time\n5. permissions\n6. HY3-RAW-TOOL2-DONE\n\nLet me format them as short numbered lines.",
  "reasoning_delta_count": 169,
  "terminal": [
    "response.completed"
  ],
  "total_s": 9.050152457988588,
  "usage": {
    "input_tokens": 460,
    "output_tokens": 228,
    "total_tokens": 688,
    "input_tokens_details": {
      "cached_tokens": 457,
      "cache_detail": "paged+tq-native"
    }
  }
}
