SENT FIX7
STATE t=0.0 true|0|0|false|false|false|38
STATE t=9.1 true|0|0|false|true|false|130
STATE t=9.4 true|0|0|false|true|false|161
STATE t=9.6 true|0|0|false|true|false|190
STATE t=9.9 true|0|0|true|true|false|217
TOOL_SHOT t=9.9
STATE t=10.3 true|0|0|true|true|false|260
STATE t=10.6 true|0|0|true|true|false|291
STATE t=10.8 true|0|0|true|true|false|323
STATE t=11.1 true|0|0|true|true|false|338
STATE t=11.3 true|0|0|true|true|false|348
STATE t=11.6 true|0|0|true|true|false|367
STATE t=11.8 true|0|0|true|true|false|373
STATE t=12.8 true|0|279|true|true|false|375
STATE t=22.5 true|0|0|true|true|false|190
STATE t=22.7 true|0|0|true|true|false|222
STATE t=23.0 true|0|0|true|true|false|253
STATE t=23.2 true|0|0|true|true|false|280
STATE t=23.5 true|0|0|true|true|false|288
STATE t=23.7 true|0|0|true|true|false|302
STATE t=24.0 true|0|0|true|true|false|316
STATE t=24.2 true|0|0|true|true|false|338
STATE t=24.5 true|0|0|true|true|false|352
STATE t=24.7 true|0|0|true|true|false|364
STATE t=25.0 true|0|0|true|true|false|375
STATE t=25.3 true|0|0|true|true|false|392
STATE t=25.5 true|0|0|true|true|false|400
STATE t=25.8 true|0|0|true|true|false|406
STATE t=26.0 true|0|0|true|true|false|412
STATE t=26.3 true|0|0|true|true|false|430
STATE t=26.5 true|0|0|true|true|false|438
STATE t=26.8 true|0|0|true|true|false|445
STATE t=27.0 true|0|0|true|true|false|450
STATE t=27.3 true|0|0|true|true|false|459
STATE t=27.5 true|0|0|true|true|false|476
STATE t=27.8 true|0|0|true|true|false|501
STATE t=28.0 true|0|0|true|true|false|511
STATE t=28.3 true|0|0|true|true|false|518
STATE t=28.5 true|0|0|true|true|false|531
STATE t=28.8 true|0|0|true|true|false|546
STATE t=29.1 true|0|0|true|true|false|563
STATE t=29.3 true|0|0|true|true|false|571
STATE t=29.6 true|0|0|true|true|false|577
STATE t=29.8 true|1|694|true|true|false|851
STATE t=30.1 true|8|694|true|true|false|856
STATE t=30.3 true|24|694|true|true|false|872
STATE t=30.6 true|35|694|true|true|false|883
STATE t=30.8 true|41|434|true|true|false|628
STATE t=31.1 true|50|434|true|true|false|637
STATE t=31.3 true|66|434|true|true|false|653
ANSWER_SHOT t=31.3 chars=66
ANSWER_PREFIX "path: panel/package.json\ntype: file\nsize: 5.2 KB\nmodified time: 20"
STATE t=31.7 true|76|434|true|true|false|663
STATE t=32.0 true|83|434|true|true|false|670
STATE t=32.2 true|88|434|true|true|false|675
STATE t=32.5 true|102|434|true|true|false|690
STATE t=32.7 true|117|434|true|true|false|705
STATE t=33.0 true|132|434|true|true|false|720
STATE t=33.3 true|153|434|true|true|false|741
STATE t=33.5 true|171|434|true|true|false|759
STATE t=33.8 true|197|434|true|true|false|785
STATE t=34.0 true|215|434|true|true|false|803
STATE t=34.3 true|221|434|true|true|false|809
STATE t=34.5 true|228|434|true|true|false|816
STATE t=34.8 true|232|434|true|true|true|820
STATE t=35.0 true|252|434|true|true|true|840
STATE t=35.3 true|262|434|true|true|true|850
STATE t=35.5 true|280|434|true|true|true|868
STATE t=35.8 true|291|434|true|true|true|879
STATE t=36.0 true|304|434|true|true|true|892
STATE t=36.3 true|314|434|true|true|true|902
STATE t=36.5 true|321|434|true|true|true|909
STATE t=36.8 true|336|434|true|true|true|924
STATE t=37.0 true|345|434|true|true|true|933
STATE t=37.3 true|351|434|true|true|true|939
STATE t=37.6 true|356|434|true|true|true|944
STATE t=37.8 true|361|434|true|true|true|949
STATE t=38.1 true|371|434|true|true|true|959
STATE t=38.3 true|382|434|true|true|true|970
STATE t=38.6 true|388|434|true|true|true|976
STATE t=38.8 true|395|434|true|true|true|983
STATE t=39.1 true|403|434|true|true|true|991
STATE t=39.6 false|403|434|true|false|true|976
FINAL t=39.6 toolShot=true answerShot=true chars=403
Code
Chat
Server
Tools
Image
API
🇺🇸
Sessions
jangq-ai/Hy3-JANG_2K-MTP
JANG_2K (8b)
127.0.0.1:8010
PID 81451
+ Chat
Chat
Server
Cache
Bench
Embed
Perf
Logs
Stop

[HY3-UI-STREAM1] Think briefly about why a warm prefix lowers prefill work. Then answer in exactly six short numbered lines. The sixth line must be exactly: 6. HY3-UI-STREAM1-DONE. Do not use tools.

5:21 PM
5:21 PM
speak
Reasoning
3060 chars
Warm prefix tokens are already computed and cached.
Prefill work creates key/value caches for input tokens.
Reusing cached prefix avoids recomputing those tokens.
Fewer tokens need processing in the prefill stage.
Less compute lowers latency and cost for the prompt.
HY3-UI-STREAM1-DONE
842 tokens
29.3 t/s
54.2 pp/s
70 prompt
1.29s TTFT
30.2s total

[HY3-UI-TOOL2] This is turn two in the same chat. Call the built-in file_info tool exactly once with path panel/package.json and no other tool. After the result, reply in exactly six short numbered lines: path, type, size, modified time, permissions, then exactly 6. HY3-UI-TOOL2-DONE.

Just now
Just now
speak
Reasoning
258 chars
Reasoning
411 chars

Now reply in exactly six short numbered lines: path, type, size, modified time, permissions, then exactly 6. HY3-UI-TOOL2-DONE.

So lines:

path: panel/package.json
type: file
size: 5.2 KB
modified time: 2026-07-15T14:28:24.904Z
permissions: 0644
HY3-UI-TOOL2-DONE

Need exactly six short numbered lines. Format: "1. path: panel/package.json" etc. The sixth line exactly "6. HY3-UI-TOOL2-DONE".

Info
panel/package.json
path: panel/package.json
type: file
size: 5.2 KB
modified time: 2026-07-15T-STREAM2-DONE

Wait, I need to be careful. The user wants exactly six lines: path, type, size, modified time, permissions, then exactly 6. HY3-UI-TOOL2-DONE.

Let me re-output correctly.1. path: panel/package.json
2. type: file
3. size: 5.2 KB
4. modified time: 2026-07-15T14:28:24.904Z
5. permissions: 0644
6. HY3-UI-TOOL2-DONE

407 tokens
21.0 t/s
547.3 pp/s
5170 prompt (5091 paged+tq-native cached)
9.45s TTFT
39.4s total
